<?xml version="1.0" encoding="utf-8"?><testsuites><testsuite errors="0" failures="0" hostname="RES-A127" name="pytest" skipped="0" tests="5" time="0.023" timestamp="2019-11-02T13:36:32.453172"><testcase classname="sources.test_calc.TestCalc" file="sources/test_calc.py" line="15" name="test_add_floats" time="0.001"></testcase><testcase classname="sources.test_calc.TestCalc" file="sources/test_calc.py" line="8" name="test_add_integers" time="0.001"></testcase><testcase classname="sources.test_calc.TestCalc" file="sources/test_calc.py" line="30" name="test_add_string_and_integer" time="0.001"></testcase><testcase classname="sources.test_calc.TestCalc" file="sources/test_calc.py" line="38" name="test_add_string_and_number" time="0.001"></testcase><testcase classname="sources.test_calc.TestCalc" file="sources/test_calc.py" line="22" name="test_add_strings" time="0.001"></testcase></testsuite></testsuites>